projects/amazon-trend-analyzer/qb_chunks/page_132_skip132000.csv
ASIN Buyability Flag,asin_status,CVR%,revenue,asp,units,gv,Images #,Videos #,Has A+ Content,Buybox Winner,Average Rating,Number of Ratings,bb_price,Ad CTR%,Ad CVR%,bsr,brand,Ad CPC$,ASIN (Description),Update Type,Sold By Amazon,Has Coupon?,Has Store Link?,In Stock Today?,category,Sellable On Hand Units,asin,date,Ad Cost,Ad Sales,Ad Clicks,Ad Impressions,Ad Conversions
In Stock,ACTIVE,0.241,363.0,8.07,45.0,187.0,6.0,0.0,True,,4.6,3185.0,8.07,,,11.0,Arm & Hammer,,B089YVNQGD (Arm & Hammer Deodorizing & Dander Reducing Shampoo for Cats 20oz),[],True,True,True,True,Cat Grooming,1215.0,B089YVNQGD,2025-10-06,,,,,
In Stock,ACTIVE,0.197,318.0,8.16,39.0,198.0,6.0,0.0,True,,4.6,3183.0,8.07,,,10.0,Arm & Hammer,,B089YVNQGD (Arm & Hammer Deodorizing & Dander Reducing Shampoo for Cats 20oz),[],True,True,True,True,Cat Grooming,1259.0,B089YVNQGD,2025-10-05,,,,,
In Stock,ACTIVE,0.284,512.0,8.12,63.0,222.0,6.0,0.0,True,,4.6,3181.0,8.07,,,12.0,Arm & Hammer,,B089YVNQGD (Arm & Hammer Deodorizing & Dander Reducing Shampoo for Cats 20oz),[],True,True,True,True,Cat Grooming,1296.0,B089YVNQGD,2025-10-04,,,,,
In Stock,ACTIVE,0.326,498.0,8.04,62.0,190.0,6.0,0.0,True,,4.6,3180.0,8.07,,,10.0,Arm & Hammer,,B089YVNQGD (Arm & Hammer Deodorizing & Dander Reducing Shampoo for Cats 20oz),[],True,True,True,True,Cat Grooming,1353.0,B089YVNQGD,2025-10-03,,,,,
In Stock,ACTIVE,0.252,444.0,8.07,55.0,218.0,6.0,0.0,True,,4.6,3178.0,8.07,,,12.0,Arm & Hammer,,B089YVNQGD (Arm & Hammer Deodorizing & Dander Reducing Shampoo for Cats 20oz),[],True,True,True,True,Cat Grooming,1469.0,B089YVNQGD,2025-10-02,,,,,
In Stock,ACTIVE,0.289,565.0,8.07,70.0,242.0,6.0,0.0,True,,4.6,3176.0,8.07,,,12.0,Arm & Hammer,,B089YVNQGD (Arm & Hammer Deodorizing & Dander Reducing Shampoo for Cats 20oz),[],True,True,True,True,Cat Grooming,1564.0,B089YVNQGD,2025-10-01,,,,,
In Stock,ACTIVE,0.249,452.0,8.07,56.0,225.0,6.0,0.0,True,,4.6,3176.0,8.07,,,12.0,Arm & Hammer,,B089YVNQGD (Arm & Hammer Deodorizing & Dander Reducing Shampoo for Cats 20oz),[],True,True,True,True,Cat Grooming,1630.0,B089YVNQGD,2025-09-30,,,,,
In Stock,ACTIVE,0.249,412.0,8.07,51.0,205.0,6.0,0.0,True,,4.6,3172.0,8.07,,,11.0,Arm & Hammer,,B089YVNQGD (Arm & Hammer Deodorizing & Dander Reducing Shampoo for Cats 20oz),[],True,True,True,True,Cat Grooming,1696.0,B089YVNQGD,2025-09-29,,,,,
In Stock,ACTIVE,0.241,452.0,8.07,56.0,232.0,6.0,0.0,True,,4.6,3172.0,8.07,,,11.0,Arm & Hammer,,B089YVNQGD (Arm & Hammer Deodorizing & Dander Reducing Shampoo for Cats 20oz),[],True,True,True,True,Cat Grooming,1758.0,B089YVNQGD,2025-09-28,,,,,
In Stock,ACTIVE,0.247,440.0,8.01,55.0,223.0,6.0,0.0,True,,4.6,3172.0,8.07,,,11.0,Arm & Hammer,,B089YVNQGD (Arm & Hammer Deodorizing & Dander Reducing Shampoo for Cats 20oz),[],True,True,True,True,Cat Grooming,1816.0,B089YVNQGD,2025-09-27,,,,,
In Stock,ACTIVE,0.305,516.0,8.07,64.0,210.0,6.0,0.0,True,,4.6,3171.0,8.07,,,11.0,Arm & Hammer,,B089YVNQGD (Arm & Hammer Deodorizing & Dander Reducing Shampoo for Cats 20oz),[],True,True,True,True,Cat Grooming,1851.0,B089YVNQGD,2025-09-26,,,,,
In Stock,ACTIVE,0.277,380.0,8.65,44.0,159.0,6.0,0.0,True,,4.6,3170.0,9.99,,,11.0,Arm & Hammer,,B089YVNQGD (Arm & Hammer Deodorizing & Dander Reducing Shampoo for Cats 20oz),[],True,True,True,True,Cat Grooming,1914.0,B089YVNQGD,2025-09-25,,,,,
In Stock,ACTIVE,0.246,430.0,9.99,43.0,175.0,6.0,0.0,True,,4.6,3169.0,9.99,,,11.0,Arm & Hammer,,B089YVNQGD (Arm & Hammer Deodorizing & Dander Reducing Shampoo for Cats 20oz),[],True,True,True,True,Cat Grooming,1955.0,B089YVNQGD,2025-09-24,,,,,
In Stock,ACTIVE,0.21,370.0,9.99,37.0,176.0,6.0,0.0,True,,4.6,3168.0,9.99,,,11.0,Arm & Hammer,,B089YVNQGD (Arm & Hammer Deodorizing & Dander Reducing Shampoo for Cats 20oz),[],True,True,True,True,Cat Grooming,2004.0,B089YVNQGD,2025-09-23,,,,,
In Stock,ACTIVE,0.267,470.0,9.99,47.0,176.0,6.0,0.0,True,,4.6,3168.0,9.99,,,11.0,Arm & Hammer,,B089YVNQGD (Arm & Hammer Deodorizing & Dander Reducing Shampoo for Cats 20oz),[],True,True,True,True,Cat Grooming,2052.0,B089YVNQGD,2025-09-22,,,,,
In Stock,ACTIVE,0.231,519.0,9.99,52.0,225.0,6.0,0.0,True,,4.6,3167.0,9.99,,,11.0,Arm & Hammer,,B089YVNQGD (Arm & Hammer Deodorizing & Dander Reducing Shampoo for Cats 20oz),[],True,True,True,True,Cat Grooming,2090.0,B089YVNQGD,2025-09-21,,,,,
In Stock,ACTIVE,0.168,371.0,10.01,37.0,220.0,6.0,0.0,True,,4.6,3165.0,9.99,,,11.0,Arm & Hammer,,B089YVNQGD (Arm & Hammer Deodorizing & Dander Reducing Shampoo for Cats 20oz),[],True,True,True,True,Cat Grooming,2146.0,B089YVNQGD,2025-09-20,,,,,
In Stock,ACTIVE,0.295,519.0,9.99,52.0,176.0,6.0,0.0,True,,4.6,3164.0,9.99,,,11.0,Arm & Hammer,,B089YVNQGD (Arm & Hammer Deodorizing & Dander Reducing Shampoo for Cats 20oz),[],True,True,True,True,Cat Grooming,2183.0,B089YVNQGD,2025-09-19,,,,,
In Stock,ACTIVE,0.221,400.0,9.99,40.0,181.0,6.0,0.0,True,,4.6,3164.0,9.99,,,11.0,Arm & Hammer,,B089YVNQGD (Arm & Hammer Deodorizing & Dander Reducing Shampoo for Cats 20oz),[],True,True,True,True,Cat Grooming,2228.0,B089YVNQGD,2025-09-18,,,,,
In Stock,ACTIVE,0.238,410.0,9.99,41.0,172.0,6.0,0.0,True,,4.6,3163.0,9.99,,,11.0,Arm & Hammer,,B089YVNQGD (Arm & Hammer Deodorizing & Dander Reducing Shampoo for Cats 20oz),[],True,False,True,True,Cat Grooming,2281.0,B089YVNQGD,2025-09-17,,,,,
In Stock,ACTIVE,0.294,450.0,9.99,45.0,153.0,6.0,0.0,True,,4.6,3162.0,9.99,,,11.0,Arm & Hammer,,B089YVNQGD (Arm & Hammer Deodorizing & Dander Reducing Shampoo for Cats 20oz),[],True,False,True,True,Cat Grooming,2314.0,B089YVNQGD,2025-09-16,,,,,
In Stock,ACTIVE,0.226,400.0,9.99,40.0,177.0,6.0,0.0,True,,4.6,3160.0,9.99,,,12.0,Arm & Hammer,,B089YVNQGD (Arm & Hammer Deodorizing & Dander Reducing Shampoo for Cats 20oz),[],True,False,True,True,Cat Grooming,2349.0,B089YVNQGD,2025-09-15,,,,,
In Stock,ACTIVE,0.293,549.0,9.99,55.0,188.0,6.0,0.0,True,,4.6,3160.0,9.99,,,12.0,Arm & Hammer,,B089YVNQGD (Arm & Hammer Deodorizing & Dander Reducing Shampoo for Cats 20oz),[],True,False,True,True,Cat Grooming,2403.0,B089YVNQGD,2025-09-14,,,,,
In Stock,ACTIVE,0.19,370.0,9.99,37.0,195.0,6.0,0.0,True,,4.6,3159.0,9.99,,,12.0,Arm & Hammer,,B089YVNQGD (Arm & Hammer Deodorizing & Dander Reducing Shampoo for Cats 20oz),[],True,False,True,True,Cat Grooming,2433.0,B089YVNQGD,2025-09-13,,,,,
In Stock,ACTIVE,0.268,450.0,9.99,45.0,168.0,6.0,0.0,True,,4.6,3155.0,9.99,,,12.0,Arm & Hammer,,B089YVNQGD (Arm & Hammer Deodorizing & Dander Reducing Shampoo for Cats 20oz),[],True,False,True,True,Cat Grooming,2483.0,B089YVNQGD,2025-09-12,,,,,
In Stock,ACTIVE,0.329,460.0,9.99,46.0,140.0,6.0,0.0,True,,4.6,3154.0,9.99,,,12.0,Arm & Hammer,,B089YVNQGD (Arm & Hammer Deodorizing & Dander Reducing Shampoo for Cats 20oz),[],True,False,True,True,Cat Grooming,2520.0,B089YVNQGD,2025-09-11,,,,,
In Stock,ACTIVE,0.243,420.0,9.99,42.0,173.0,6.0,0.0,True,,4.6,3154.0,9.99,,,13.0,Arm & Hammer,,B089YVNQGD (Arm & Hammer Deodorizing & Dander Reducing Shampoo for Cats 20oz),[],True,False,True,True,Cat Grooming,2580.0,B089YVNQGD,2025-09-10,,,,,
In Stock,ACTIVE,0.247,400.0,9.99,40.0,162.0,6.0,0.0,True,,4.6,3153.0,9.99,,,12.0,Arm & Hammer,,B089YVNQGD (Arm & Hammer Deodorizing & Dander Reducing Shampoo for Cats 20oz),[],True,False,True,True,Cat Grooming,2619.0,B089YVNQGD,2025-09-09,,,,,
In Stock,ACTIVE,0.214,370.0,9.99,37.0,173.0,6.0,0.0,True,,4.6,3151.0,9.99,,,12.0,Arm & Hammer,,B089YVNQGD (Arm & Hammer Deodorizing & Dander Reducing Shampoo for Cats 20oz),[],True,False,True,True,Cat Grooming,2642.0,B089YVNQGD,2025-09-08,,,,,
In Stock,ACTIVE,0.225,470.0,9.99,47.0,209.0,6.0,0.0,True,,4.6,3149.0,9.99,,,12.0,Arm & Hammer,,B089YVNQGD (Arm & Hammer Deodorizing & Dander Reducing Shampoo for Cats 20oz),[],True,False,True,True,Cat Grooming,2691.0,B089YVNQGD,2025-09-07,,,,,
In Stock,ACTIVE,0.211,450.0,9.99,45.0,213.0,6.0,0.0,True,,4.6,3147.0,9.99,,,12.0,Arm & Hammer,,B089YVNQGD (Arm & Hammer Deodorizing & Dander Reducing Shampoo for Cats 20oz),[],True,False,True,True,Cat Grooming,2745.0,B089YVNQGD,2025-09-06,,,,,
In Stock,ACTIVE,0.213,370.0,10.0,37.0,174.0,6.0,0.0,True,,4.6,3145.0,9.99,,,13.0,Arm & Hammer,,B089YVNQGD (Arm & Hammer Deodorizing & Dander Reducing Shampoo for Cats 20oz),[],True,False,True,True,Cat Grooming,2782.0,B089YVNQGD,2025-09-05,,,,,
In Stock,ACTIVE,0.197,420.0,9.99,42.0,213.0,6.0,0.0,True,,4.6,3142.0,9.99,,,13.0,Arm & Hammer,,B089YVNQGD (Arm & Hammer Deodorizing & Dander Reducing Shampoo for Cats 20oz),[],True,False,True,True,Cat Grooming,2812.0,B089YVNQGD,2025-09-04,,,,,
In Stock,ACTIVE,0.267,520.0,10.0,52.0,195.0,6.0,0.0,True,,4.6,3140.0,9.99,,,12.0,Arm & Hammer,,B089YVNQGD (Arm & Hammer Deodorizing & Dander Reducing Shampoo for Cats 20oz),[],True,False,True,True,Cat Grooming,2873.0,B089YVNQGD,2025-09-03,,,,,
In Stock,ACTIVE,0.237,440.0,9.99,44.0,186.0,6.0,0.0,True,,4.6,3138.0,9.99,,,13.0,Arm & Hammer,,B089YVNQGD (Arm & Hammer Deodorizing & Dander Reducing Shampoo for Cats 20oz),[],True,True,True,True,Cat Grooming,2931.0,B089YVNQGD,2025-09-02,,,,,
In Stock,ACTIVE,0.266,639.0,9.99,64.0,241.0,6.0,0.0,True,,4.6,3137.0,9.99,,,13.0,Arm & Hammer,,B089YVNQGD (Arm & Hammer Deodorizing & Dander Reducing Shampoo for Cats 20oz),[],True,True,True,True,Cat Grooming,2988.0,B089YVNQGD,2025-09-01,,,,,
In Stock,ACTIVE,0.277,557.0,9.95,56.0,202.0,6.0,0.0,True,,4.6,3136.0,9.99,,,13.0,Arm & Hammer,,B089YVNQGD (Arm & Hammer Deodorizing & Dander Reducing Shampoo for Cats 20oz),[],True,True,True,True,Cat Grooming,3039.0,B089YVNQGD,2025-08-31,,,,,
In Stock,ACTIVE,0.311,609.0,9.99,61.0,196.0,6.0,0.0,True,,4.6,3135.0,9.99,,,13.0,Arm & Hammer,,B089YVNQGD (Arm & Hammer Deodorizing & Dander Reducing Shampoo for Cats 20oz),[],True,True,True,True,Cat Grooming,3090.0,B089YVNQGD,2025-08-30,,,,,
In Stock,ACTIVE,0.251,509.0,9.99,51.0,203.0,6.0,0.0,True,,4.6,3134.0,9.99,,,13.0,Arm & Hammer,,B089YVNQGD (Arm & Hammer Deodorizing & Dander Reducing Shampoo for Cats 20oz),[],True,True,True,True,Cat Grooming,3137.0,B089YVNQGD,2025-08-29,,,,,
In Stock,ACTIVE,0.181,320.0,9.99,32.0,177.0,6.0,0.0,True,,4.6,3134.0,9.99,,,14.0,Arm & Hammer,,B089YVNQGD (Arm & Hammer Deodorizing & Dander Reducing Shampoo for Cats 20oz),[],True,True,True,True,Cat Grooming,3192.0,B089YVNQGD,2025-08-28,,,,,
In Stock,ACTIVE,0.216,370.0,9.99,37.0,171.0,6.0,0.0,True,,4.6,3133.0,9.99,,,13.0,Arm & Hammer,,B089YVNQGD (Arm & Hammer Deodorizing & Dander Reducing Shampoo for Cats 20oz),[],True,True,True,True,Cat Grooming,3210.0,B089YVNQGD,2025-08-27,,,,,
In Stock,ACTIVE,0.15,303.0,10.09,30.0,200.0,6.0,0.0,True,,4.6,3133.0,9.99,,,13.0,Arm & Hammer,,B089YVNQGD (Arm & Hammer Deodorizing & Dander Reducing Shampoo for Cats 20oz),[],True,True,True,True,Cat Grooming,3247.0,B089YVNQGD,2025-08-26,,,,,
In Stock,ACTIVE,0.171,300.0,9.99,30.0,175.0,6.0,0.0,True,,4.6,3132.0,9.99,,,12.0,Arm & Hammer,,B089YVNQGD (Arm & Hammer Deodorizing & Dander Reducing Shampoo for Cats 20oz),[],True,True,True,True,Cat Grooming,3270.0,B089YVNQGD,2025-08-25,0.0,0.0,0.0,0.0,0.0
In Stock,ACTIVE,0.199,440.0,9.99,44.0,221.0,6.0,0.0,True,,4.6,3129.0,9.99,,,12.0,Arm & Hammer,,B089YVNQGD (Arm & Hammer Deodorizing & Dander Reducing Shampoo for Cats 20oz),[],True,True,True,True,Cat Grooming,3314.0,B089YVNQGD,2025-08-24,,,,,
In Stock,ACTIVE,0.263,520.0,9.99,52.0,198.0,6.0,0.0,True,,4.6,3127.0,9.99,,,12.0,Arm & Hammer,,B089YVNQGD (Arm & Hammer Deodorizing & Dander Reducing Shampoo for Cats 20oz),[],True,True,True,True,Cat Grooming,3353.0,B089YVNQGD,2025-08-23,,,,,
In Stock,ACTIVE,0.276,480.0,9.99,48.0,174.0,6.0,0.0,True,,4.6,3128.0,9.99,,,12.0,Arm & Hammer,,B089YVNQGD (Arm & Hammer Deodorizing & Dander Reducing Shampoo for Cats 20oz),[],True,True,True,True,Cat Grooming,3403.0,B089YVNQGD,2025-08-22,,,,,
In Stock,ACTIVE,0.214,420.0,9.99,42.0,196.0,6.0,0.0,True,,4.6,3127.0,9.99,,,13.0,Arm & Hammer,,B089YVNQGD (Arm & Hammer Deodorizing & Dander Reducing Shampoo for Cats 20oz),[],True,True,True,True,Cat Grooming,3449.0,B089YVNQGD,2025-08-21,0.0,0.0,0.0,0.0,0.0
In Stock,ACTIVE,0.272,490.0,9.99,49.0,180.0,6.0,0.0,True,,4.6,3127.0,9.99,,,14.0,Arm & Hammer,,B089YVNQGD (Arm & Hammer Deodorizing & Dander Reducing Shampoo for Cats 20oz),[],True,True,True,True,Cat Grooming,3504.0,B089YVNQGD,2025-08-20,0.0,0.0,0.0,0.0,0.0
In Stock,ACTIVE,0.233,420.0,9.99,42.0,180.0,6.0,0.0,True,,4.6,3126.0,9.99,0.03636363636363636,0.5,13.0,Arm & Hammer,2.75,B089YVNQGD (Arm & Hammer Deodorizing & Dander Reducing Shampoo for Cats 20oz),[],True,True,True,True,Cat Grooming,3570.0,B089YVNQGD,2025-08-19,5.5,9.99,2.0,55.0,1.0
In Stock,ACTIVE,0.219,370.0,9.99,37.0,169.0,6.0,0.0,True,,4.6,3125.0,9.99,0.02631578947368421,0.0,14.0,Arm & Hammer,2.526666666666667,B089YVNQGD (Arm & Hammer Deodorizing & Dander Reducing Shampoo for Cats 20oz),[],True,True,True,True,Cat Grooming,3601.0,B089YVNQGD,2025-08-18,7.58,0.0,3.0,114.0,0.0
In Stock,ACTIVE,0.202,420.0,9.99,42.0,208.0,6.0,0.0,True,,4.6,3125.0,9.99,0.009009009009009009,0.0,13.0,Arm & Hammer,1.51,B089YVNQGD (Arm & Hammer Deodorizing & Dander Reducing Shampoo for Cats 20oz),[],True,True,True,True,Cat Grooming,3486.0,B089YVNQGD,2025-08-17,1.51,0.0,1.0,111.0,0.0
In Stock,ACTIVE,0.227,470.0,9.99,47.0,207.0,6.0,0.0,True,,4.6,3125.0,9.99,0.0,,13.0,Arm & Hammer,,B089YVNQGD (Arm & Hammer Deodorizing & Dander Reducing Shampoo for Cats 20oz),[],True,True,True,True,Cat Grooming,3388.0,B089YVNQGD,2025-08-16,0.0,0.0,0.0,132.0,0.0
In Stock,ACTIVE,0.27,500.0,9.99,50.0,185.0,6.0,0.0,True,,4.6,3125.0,9.99,0.0,,14.0,Arm & Hammer,,B089YVNQGD (Arm & Hammer Deodorizing & Dander Reducing Shampoo for Cats 20oz),[],True,True,True,True,Cat Grooming,3398.0,B089YVNQGD,2025-08-15,0.0,0.0,0.0,13.0,0.0
In Stock,ACTIVE,0.29,470.0,9.99,47.0,162.0,6.0,0.0,True,,4.6,3122.0,9.99,0.006134969325153374,0.0,14.0,Arm & Hammer,2.35,B089YVNQGD (Arm & Hammer Deodorizing & Dander Reducing Shampoo for Cats 20oz),[],True,True,True,True,Cat Grooming,3367.0,B089YVNQGD,2025-08-14,2.35,0.0,1.0,163.0,0.0
In Stock,ACTIVE,0.2,330.0,9.99,33.0,165.0,6.0,0.0,True,,4.6,3117.0,9.99,0.0,,14.0,Arm & Hammer,,B089YVNQGD (Arm & Hammer Deodorizing & Dander Reducing Shampoo for Cats 20oz),[],True,True,True,True,Cat Grooming,3353.0,B089YVNQGD,2025-08-13,0.0,0.0,0.0,172.0,0.0
In Stock,ACTIVE,0.281,430.0,9.99,43.0,153.0,6.0,0.0,True,,4.6,3116.0,9.99,0.00641025641025641,0.0,14.0,Arm & Hammer,2.65,B089YVNQGD (Arm & Hammer Deodorizing & Dander Reducing Shampoo for Cats 20oz),[],True,True,True,True,Cat Grooming,3266.0,B089YVNQGD,2025-08-12,2.65,0.0,1.0,156.0,0.0
In Stock,ACTIVE,0.257,460.0,9.99,46.0,179.0,6.0,0.0,True,,4.6,3114.0,9.99,0.006172839506172839,0.0,15.0,Arm & Hammer,2.72,B089YVNQGD (Arm & Hammer Deodorizing & Dander Reducing Shampoo for Cats 20oz),[],True,True,True,True,Cat Grooming,3815.0,B089YVNQGD,2025-08-11,2.72,0.0,1.0,162.0,0.0
In Stock,ACTIVE,0.205,380.0,9.99,38.0,185.0,6.0,0.0,True,,4.6,3112.0,9.99,0.0,,16.0,Arm & Hammer,,B089YVNQGD (Arm & Hammer Deodorizing & Dander Reducing Shampoo for Cats 20oz),[],True,True,True,True,Cat Grooming,3021.0,B089YVNQGD,2025-08-10,0.0,0.0,0.0,92.0,0.0
In Stock,ACTIVE,0.207,350.0,9.99,35.0,169.0,6.0,0.0,True,,4.6,3107.0,9.99,0.006329113924050633,0.0,16.0,Arm & Hammer,2.55,B089YVNQGD (Arm & Hammer Deodorizing & Dander Reducing Shampoo for Cats 20oz),[],True,True,True,True,Cat Grooming,3065.0,B089YVNQGD,2025-08-09,2.55,0.0,1.0,158.0,0.0
In Stock,ACTIVE,0.25,420.0,9.99,42.0,168.0,6.0,0.0,True,,4.6,3105.0,9.99,0.0,,16.0,Arm & Hammer,,B089YVNQGD (Arm & Hammer Deodorizing & Dander Reducing Shampoo for Cats 20oz),[],True,True,True,True,Cat Grooming,3093.0,B089YVNQGD,2025-08-08,0.0,0.0,0.0,180.0,0.0
In Stock,ACTIVE,0.202,330.0,9.99,33.0,163.0,6.0,0.0,True,,4.6,3100.0,9.99,0.006451612903225806,0.0,14.0,Arm & Hammer,2.88,B089YVNQGD (Arm & Hammer Deodorizing & Dander Reducing Shampoo for Cats 20oz),[],True,True,True,True,Cat Grooming,3149.0,B089YVNQGD,2025-08-07,2.88,0.0,1.0,155.0,0.0
In Stock,ACTIVE,0.171,270.0,9.99,27.0,158.0,6.0,0.0,True,,4.6,3099.0,9.99,,,15.0,Arm & Hammer,,B089YVNQGD (Arm & Hammer Deodorizing & Dander Reducing Shampoo for Cats 20oz),[],True,True,True,True,Cat Grooming,3163.0,B089YVNQGD,2025-08-06,0.0,0.0,0.0,0.0,0.0
In Stock,ACTIVE,0.247,430.0,9.99,43.0,174.0,6.0,0.0,True,,4.6,3097.0,9.99,,,16.0,Arm & Hammer,,B089YVNQGD (Arm & Hammer Deodorizing & Dander Reducing Shampoo for Cats 20oz),[],True,True,True,True,Cat Grooming,3200.0,B089YVNQGD,2025-08-05,0.0,0.0,0.0,0.0,0.0
In Stock,ACTIVE,0.169,320.0,9.99,32.0,189.0,6.0,0.0,True,,4.6,3096.0,9.99,,,14.0,Arm & Hammer,,B089YVNQGD (Arm & Hammer Deodorizing & Dander Reducing Shampoo for Cats 20oz),[],True,True,True,True,Cat Grooming,3123.0,B089YVNQGD,2025-08-04,0.0,0.0,0.0,0.0,0.0
In Stock,ACTIVE,0.182,370.0,9.99,37.0,203.0,6.0,0.0,True,,4.6,3096.0,9.99,0.03225806451612903,0.0,16.0,Arm & Hammer,0.48,B089YVNQGD (Arm & Hammer Deodorizing & Dander Reducing Shampoo for Cats 20oz),[],True,True,True,True,Cat Grooming,3129.0,B089YVNQGD,2025-08-03,0.48,0.0,1.0,31.0,0.0
In Stock,ACTIVE,0.254,440.0,9.99,44.0,173.0,6.0,0.0,True,,4.6,3095.0,9.99,0.0303030303030303,0.0,13.0,Arm & Hammer,0.97,B089YVNQGD (Arm & Hammer Deodorizing & Dander Reducing Shampoo for Cats 20oz),[],True,True,True,True,Cat Grooming,3120.0,B089YVNQGD,2025-08-02,1.94,0.0,2.0,66.0,0.0
In Stock,ACTIVE,0.193,320.0,9.99,32.0,166.0,6.0,0.0,True,,4.6,3094.0,9.99,0.0,,13.0,Arm & Hammer,,B089YVNQGD (Arm & Hammer Deodorizing & Dander Reducing Shampoo for Cats 20oz),[],True,True,True,True,Cat Grooming,3116.0,B089YVNQGD,2025-08-01,0.0,0.0,0.0,41.0,0.0
In Stock,ACTIVE,0.302,508.0,9.97,51.0,169.0,12.0,0.0,True,,4.6,3090.0,9.99,0.02325581395348837,1.0,13.0,Arm & Hammer,2.55,B089YVNQGD (Arm & Hammer Deodorizing & Dander Reducing Shampoo for Cats 20oz),[],True,True,True,True,Cat Grooming,3052.0,B089YVNQGD,2025-07-31,2.55,11.98,1.0,43.0,1.0
In Stock,ACTIVE,0.349,529.0,9.99,53.0,152.0,6.0,0.0,True,,4.6,3090.0,9.99,0.004629629629629629,1.0,14.0,Arm & Hammer,1.57,B089YVNQGD (Arm & Hammer Deodorizing & Dander Reducing Shampoo for Cats 20oz),[],True,True,True,True,Cat Grooming,2950.0,B089YVNQGD,2025-07-30,1.57,9.99,1.0,216.0,1.0
